// Jest Snapshot v1, https://goo.gl/fbAQLP

exports[`<Label /> renders correctly 1`] = `
.c0 {
  color: #DEDFE0;
  font-size: 16px;
}

<label
  className="c0"
>
  Label
</label>
`;
